******************************************************************************
                  TI ARM Linker Unix v16.9.1                   
******************************************************************************
>> Linked Wed Mar 28 13:51:55 2018

OUTPUT FILE NAME:   <i2ctmp006_CC3220SF_LAUNCHXL_tirtos_ccs.out>
ENTRY POINT SYMBOL: "_c_int00"  address: 0100533d


MEMORY CONFIGURATION

         name            origin    length      used     unused   attr    fill
----------------------  --------  ---------  --------  --------  ----  --------
  FLASH_HDR             01000000   000007ff  00000000  000007ff  R  X
  FLASH                 01000800   000ff800  00006e62  000f899e  R  X
  SRAM                  20000000   00040000  000099cd  00036633  RW X


SEGMENT ALLOCATION MAP

run origin  load origin   length   init length attrs members
----------  ----------- ---------- ----------- ----- -------
01000800    01000800    00006e68   00006e68    r-x
  01000800    01000800    0000003c   0000003c    r-- .resetVecs
  01000840    01000840    000063d2   000063d2    r-x .text
  01006c14    01006c14    000007ec   000007ec    r-- .const
  01007400    01007400    00000268   00000268    r-- .cinit
20000310    20000310    00008000   00000000    r--
  20000310    20000310    00008000   00000000    r-- .priheap
20008310    20008310    000012c1   00000000    rw-
  20008310    20008310    00000bdc   00000000    rw- .bss
  20008eec    20008eec    000006e5   00000000    rw- .data
2003fc00    2003fc00    00000400   00000000    rw-
  2003fc00    2003fc00    00000400   00000000    rw- .stack


SECTION ALLOCATION MAP

 output                                  attributes/
section   page    origin      length       input sections
--------  ----  ----------  ----------   ----------------
.text      0    01000840    000063d2     
                  01000840    0000047b     sysbios.aem4 : BIOS.obj (.text:xdc_runtime_System_doPrint__I)
                  01000cbb    00000001     --HOLE-- [fill = 0]
                  01000cbc    0000042c     driverlib.a : prcm.obj (.text:PRCMCC3200MCUInit)
                  010010e8    00000278     drivers_cc32xx.aem4 : UARTCC32XX.oem4 (.text:UARTCC32XX_open)
                  01001360    000001f4     rtsv7M4_T_le_eabi.lib : ull_div_t2.obj (.text)
                  01001554    000001cc     drivers_cc32xx.aem4 : GPIOCC32XX.oem4 (.text:GPIO_setConfig)
                  01001720    000001b8     dpl_cc32xx.aem4 : PowerCC32XX_tirtos.oem4 (.text:PowerCC32XX_sleepPolicy)
                  010018d8    000001b6     rtsv7M4_T_le_eabi.lib : fd_add_t2.obj (.text)
                  01001a8e    00000002     display.aem4 : DisplayUart.oem4 (.text:DisplayUartMin_clear)
                  01001a90    00000170     release_pem4.oem4 (.text:xdc_runtime_System_printfExtend__I)
                  01001c00    00000150     drivers_cc32xx.aem4 : PowerCC32XX.oem4 (.text:parkPins)
                  01001d50    00000130     sysbios.aem4 : BIOS.obj (.text:ti_sysbios_knl_Semaphore_pend__E)
                  01001e80    00000120     drivers_cc32xx.aem4 : UARTCC32XX.oem4 (.text:UARTCC32XX_close)
                  01001fa0    0000011c     sysbios.aem4 : BIOS.obj (.text:xdc_runtime_Startup_startMods__I)
                  010020bc    00000118     drivers_cc32xx.aem4 : PowerCC32XX.oem4 (.text:Power_sleep)
                  010021d4    00000004     dpl_cc32xx.aem4 : ClockP_tirtos.oem4 (.text:ClockP_getCpuFreq)
                  010021d8    00000118     sysbios.aem4 : BIOS.obj (.text:ti_sysbios_knl_Task_postInit__I)
                  010022f0    00000104                  : BIOS.obj (.text:ti_sysbios_knl_Task_Instance_finalize__E)
                  010023f4    000000fc     rtsv7M4_T_le_eabi.lib : fd_mul_t2.obj (.text)
                  010024f0    000000f4     sysbios.aem4 : BIOS.obj (.text:ti_sysbios_knl_Task_Instance_init__E)
                  010025e4    000000ee     drivers_cc32xx.aem4 : UARTCC32XX.oem4 (.text:UARTCC32XX_control)
                  010026d2    00000006     dpl_cc32xx.aem4 : ClockP_tirtos.oem4 (.text:ClockP_Params_init)
                  010026d8    000000d4     sysbios.aem4 : BIOS.obj (.text:pthread_create)
                  010027ac    00000004     dpl_cc32xx.aem4 : ClockP_tirtos.oem4 (.text:ClockP_setTimeout)
                  010027b0    000000d0     sysbios.aem4 : BIOS.obj (.text:ti_sysbios_heaps_HeapMem_alloc__E)
                  01002880    000000cc                  : m3_Hwi_asm.obj (.text:ti_sysbios_family_arm_m3_Hwi_dispatch__I)
                  0100294c    000000c4     drivers_cc32xx.aem4 : GPIOCC32XX.oem4 (.text:GPIO_init)
                  01002a10    000000c0                         : UARTCC32XX.oem4 (.text:UARTCC32XX_write)
                  01002ad0    000000bc     sysbios.aem4 : BIOS.obj (.text:xdc_runtime_Core_createObject__I)
                  01002b8c    000000ba     drivers_cc32xx.aem4 : UARTCC32XX.oem4 (.text:UARTCC32XX_readPolling)
                  01002c46    00000002     display.aem4 : DisplayUart.oem4 (.text:DisplayUartMin_clearLines)
                  01002c48    000000b8     drivers_cc32xx.aem4 : UARTCC32XX.oem4 (.text:initHw)
                  01002d00    000000b8                         : UARTCC32XX.oem4 (.text:readIsrTextBlocking)
                  01002db8    000000b4                         : PowerCC32XX.oem4 (.text:restoreParkedPins)
                  01002e6c    000000ae                         : UARTCC32XX.oem4 (.text:readIsrTextCallback)
                  01002f1a    000000aa                         : UARTCC32XX.oem4 (.text:readTaskBlocking)
                  01002fc4    000000a8                         : PowerCC32XX.oem4 (.text:PowerCC32XX_configureWakeup)
                  0100306c    00000004     dpl_cc32xx.aem4 : ClockP_tirtos.oem4 (.text:ClockP_start)
                  01003070    000000a4     sysbios.aem4 : BIOS.obj (.text:ti_sysbios_knl_Task_setPri__E)
                  01003114    000000a2     drivers_cc32xx.aem4 : UARTCC32XX.oem4 (.text:writeData)
                  010031b6    00000002     display.aem4 : DisplayUart.oem4 (.text:DisplayUartMin_init)
                  010031b8    000000a0     auto_init.aem4 : auto_init.oem4 (.text)
                  01003258    0000009c     sysbios.aem4 : BIOS.obj (.text:_pthread_removeThreadKeys)
                  010032f4    0000009c     rtsv7M4_T_le_eabi.lib : memcpy_t2.obj (.text)
                  01003390    00000098     drivers_cc32xx.aem4 : GPIOCC32XX.oem4 (.text:powerNotifyFxn)
                  01003428    00000098     sysbios.aem4 : BIOS.obj (.text:ti_sysbios_family_arm_m3_Hwi_Instance_init__E)
                  010034c0    00000094                  : BIOS.obj (.text:ti_sysbios_knl_Task_exit__E)
                  01003554    00000004     dpl_cc32xx.aem4 : ClockP_tirtos.oem4 (.text:ClockP_stop)
                  01003558    00000094     sysbios.aem4 : BIOS.obj (.text:ti_sysbios_knl_Task_schedule__I)
                  010035ec    00000090     drivers_cc32xx.aem4 : PowerCC32XX.oem4 (.text:restoreNVICRegs)
                  0100367c    00000004     dpl_cc32xx.aem4 : HwiP_tirtos.oem4 (.text:HwiP_disable)
                  01003680    00000090     sysbios.aem4 : BIOS.obj (.text:ti_sysbios_knl_Task_Module_startup__E)
                  01003710    00000090                  : BIOS.obj (.text:ti_sysbios_knl_Task_startCore__E)
                  010037a0    0000008c     drivers_cc32xx.aem4 : UARTCC32XX.oem4 (.text:readIsrBinaryBlocking)
                  0100382c    00000004     dpl_cc32xx.aem4 : SemaphoreP_tirtos.oem4 (.text:SemaphoreP_post)
                  01003830    0000008c     sysbios.aem4 : BIOS.obj (.text:xdc_runtime_Memory_alloc__E)
                  010038bc    00000088     driverlib.a : pin.obj (.text:PinConfigSet)
                  01003944    00000004     dpl_cc32xx.aem4 : SystemP_tirtos.oem4 (.text:SystemP_vsnprintf)
                  01003948    00000088     sysbios.aem4 : BIOS.obj (.text:ti_sysbios_family_arm_m3_Hwi_initNVIC__E)
                  010039d0    00000086     rtsv7M4_T_le_eabi.lib : fd_cmp_t2.obj (.text:__aeabi_cdcmple)
                  01003a56    00000086                           : fd_cmp_t2.obj (.text:__aeabi_cdrcmple)
                  01003adc    00000004     release_pem4.oem4 (.text:ti_sysbios_BIOS_RtsGateProxy_enter__E)
                  01003ae0    00000086     sysbios.aem4 : BIOS.obj (.text:xdc_runtime_Core_constructObject__I)
                  01003b66    00000002     drivers_cc32xx.aem4 : UARTCC32XX.oem4 (.text:UARTCC32XX_init)
                  01003b68    00000084                         : PowerCC32XX.oem4 (.text:saveNVICRegs)
                  01003bec    00000004     release_pem4.oem4 (.text:ti_sysbios_BIOS_RtsGateProxy_leave__E)
                  01003bf0    00000084     sysbios.aem4 : BIOS.obj (.text:ti_sysbios_family_arm_m3_Hwi_postInit__I)
                  01003c74    00000004     release_pem4.oem4 (.text:ti_sysbios_family_arm_m3_Hwi_delete)
                  01003c78    00000084     sysbios.aem4 : BIOS.obj (.text:ti_sysbios_heaps_HeapMem_free__E)
                  01003cfc    00000080     drivers_cc32xx.aem4 : UARTCC32XX.oem4 (.text:readIsrBinaryCallback)
                  01003d7c    0000007a                         : UARTCC32XX.oem4 (.text:readTaskCallback)
                  01003df6    0000007a     rtsv7M4_T_le_eabi.lib : memset_t2.obj (.text)
                  01003e70    00000078     drivers_cc32xx.aem4 : GPIOCC32XX.oem4 (.text:GPIO_hwiIntFxn)
                  01003ee8    00000078                         : PowerCC32XX.oem4 (.text:Power_init)
                  01003f60    00000075     sysbios.aem4 : BIOS.obj (.text:xdc_runtime_System_formatNum__I)
                  01003fd5    00000001     --HOLE-- [fill = 0]
                  01003fd6    00000074     drivers_cc32xx.aem4 : UARTCC32XX.oem4 (.text:UARTCC32XX_hwiIntFxn)
                  0100404a    00000006     display.aem4 : DisplayUart.oem4 (.text:DisplayUartMin_control)
                  01004050    00000074     sysbios.aem4 : BIOS.obj (.text:xdc_runtime_Core_deleteObject__I)
                  010040c4    00000004     release_pem4.oem4 (.text:ti_sysbios_family_arm_m3_TaskSupport_Module__startupDone__S)
                  010040c8    00000070     sysbios.aem4 : BIOS.obj (.text:_pthread_runStub)
                  01004138    00000070                  : BIOS.obj (.text:ti_sysbios_heaps_HeapMem_initPrimary__I)
                  010041a8    0000006c                  : BIOS.obj (.text:ti_sysbios_knl_Clock_workFunc__E)
                  01004214    00000004     release_pem4.oem4 (.text:ti_sysbios_heaps_HeapMem_Module_GateProxy_enter__E)
                  01004218    0000006c     sysbios.aem4 : BIOS.obj (.text:ti_sysbios_knl_Swi_restoreHwi__E)
                  01004284    00000068     rtsv7M4_T_le_eabi.lib : copy_decompress_lzss.obj (.text:decompress:lzss)
                  010042ec    00000068     main_tirtos.obj (.text:main)
                  01004354    00000066     drivers_cc32xx.aem4 : UARTCC32XX.oem4 (.text:UARTCC32XX_writeCancel)
                  010043ba    00000002     rtsv7M4_T_le_eabi.lib : i_div0.obj (.text)
                  010043bc    00000064     drivers_cc32xx.aem4 : PowerCC32XX.oem4 (.text:PowerCC32XX_setParkState)
                  01004420    00000064     sysbios.aem4 : BIOS.obj (.text:ti_sysbios_family_arm_m3_Hwi_dispatchC__I)
                  01004484    00000062     drivers_cc32xx.aem4 : UARTCC32XX.oem4 (.text:UARTCC32XX_writePolling)
                  010044e6    00000002     release_pem4.oem4 (.text:ti_sysbios_BIOS_nullFunc__I)
                  010044e8    00000060     driverlib.a : prcm.obj (.text:PRCMSysResetCauseGet)
                  01004548    00000060     sysbios.aem4 : BIOS.obj (.text:ti_sysbios_knl_Semaphore_post__E)
                  010045a8    0000005c     drivers_cc32xx.aem4 : PowerCC32XX.oem4 (.text:Power_setDependency)
                  01004604    00000004     release_pem4.oem4 (.text:ti_sysbios_heaps_HeapMem_Module_GateProxy_leave__E)
                  01004608    0000005c     sysbios.aem4 : BIOS.obj (.text:ti_sysbios_family_arm_m3_Timer_start__E)
                  01004664    00000004     release_pem4.oem4 (.text:ti_sysbios_knl_Clock_TimerProxy_getMaxTicks__E)
                  01004668    0000005c     sysbios.aem4 : BIOS.obj (.text:ti_sysbios_knl_Swi_run__I)
                  010046c4    00000004     release_pem4.oem4 (.text:ti_sysbios_knl_Clock_TimerProxy_setPeriodMicroSecs__E)
                  010046c8    0000005c     sysbios.aem4 : BIOS.obj (.text:ti_sysbios_knl_Swi_schedule__I)
                  01004724    00000004     release_pem4.oem4 (.text:ti_sysbios_knl_Clock_TimerProxy_start__E)
                  01004728    0000005c     sysbios.aem4 : BIOS.obj (.text:ti_sysbios_knl_Task_unblockI__E)
                  01004784    00000004     release_pem4.oem4 (.text:ti_sysbios_knl_Clock_TimerProxy_stop__E)
                  01004788    0000005c     sysbios.aem4 : BIOS.obj (.text:xdc_runtime_Startup_exec__E)
                  010047e4    00000058     drivers_cc32xx.aem4 : GPIOCC32XX.oem4 (.text:GPIO_setCallback)
                  0100483c    00000058     driverlib.a : prcm.obj (.text:PRCMPeripheralReset)
                  01004894    00000058     drivers_cc32xx.aem4 : PowerCC32XX.oem4 (.text:Power_releaseDependency)
                  010048ec    00000054     i2ctmp006.obj (.text:InitI2C0)
                  01004940    00000054     release_pem4.oem4 (.text:ti_sysbios_family_arm_m3_Hwi_create)
                  01004994    00000004     release_pem4.oem4 (.text:ti_sysbios_knl_Clock_delete)
                  01004998    00000054     sysbios.aem4 : BIOS.obj (.text:ti_sysbios_family_arm_m3_Timer_setPeriod__E)
                  010049ec    00000004     release_pem4.oem4 (.text:ti_sysbios_knl_Semaphore_delete)
                  010049f0    00000054     sysbios.aem4 : BIOS.obj (.text:xdc_runtime_Core_assignLabel__I)
                  01004a44    00000052     drivers_cc32xx.aem4 : PowerCC32XX.oem4 (.text:PowerCC32XX_parkPin)
                  01004a96    00000052                         : PowerCC32XX_asm.oem4 (.text:PowerCC32XX_resumeLPDS)
                  01004ae8    00000050     sysbios.aem4 : BIOS.obj (.text:ti_sysbios_family_arm_m3_Hwi_Module_startup__E)
                  01004b38    00000050                  : BIOS.obj (.text:ti_sysbios_knl_Clock_Instance_init__E)
                  01004b88    00000050     release_pem4.oem4 (.text:ti_sysbios_knl_Task_create)
                  01004bd8    0000004c     drivers_cc32xx.aem4 : GPIOCC32XX.oem4 (.text:GPIO_enableInt)
                  01004c24    0000004c                         : PowerCC32XX.oem4 (.text:restorePeriphClocks)
                  01004c70    0000004c     rtsv7M4_T_le_eabi.lib : cpy_tbl.obj (.text)
                  01004cbc    0000004c     sysbios.aem4 : m3_TaskSupport_asm.obj (.text:ti_sysbios_family_arm_m3_TaskSupport_buildTaskStack)
                  01004d08    0000004c                  : BIOS.obj (.text:ti_sysbios_heaps_HeapMem_getStats__E)
                  01004d54    00000004     release_pem4.oem4 (.text:ti_sysbios_knl_Task_delete)
                  01004d58    0000004c     sysbios.aem4 : BIOS.obj (.text:ti_sysbios_knl_Swi_runLoop__I)
                  01004da4    00000004     release_pem4.oem4 (.text:xdc_runtime_System_Module_GateProxy_enter__E)
                  01004da8    0000004c     sysbios.aem4 : BIOS.obj (.text:ti_sysbios_knl_Task_allBlockedFunction__I)
                  01004df4    0000004a     display.aem4 : DisplayUart.oem4 (.text:DisplayUartMin_open)
                  01004e3e    00000002     release_pem4.oem4 (.text:xdc_runtime_Startup_reset__I)
                  01004e40    00000048     dpl_cc32xx.aem4 : ClockP_tirtos.oem4 (.text:ClockP_create)
                  01004e88    00000048     driverlib.a : flash.obj (.text:FlashDisable)
                  01004ed0    00000048                 : prcm.obj (.text:PRCMLPDSEnter)
                  01004f18    00000048                 : prcm.obj (.text:PRCMPeripheralClkEnable)
                  01004f60    00000048     drivers_cc32xx.aem4 : PowerCC32XX.oem4 (.text:Power_releaseConstraint)
                  01004fa8    00000048     rtsv7M4_T_le_eabi.lib : fd_toi_t2.obj (.text)
                  01004ff0    00000048     sysbios.aem4 : BIOS.obj (.text:ti_sysbios_family_arm_m3_Hwi_disableInterrupt__E)
                  01005038    00000048                  : BIOS.obj (.text:ti_sysbios_family_arm_m3_Hwi_enableInterrupt__E)
                  01005080    00000048                  : m3_Hwi_asm_switch.obj (.text:ti_sysbios_family_arm_m3_Hwi_initStacks__E)
                  010050c8    00000048                  : BIOS.obj (.text:ti_sysbios_family_arm_m3_Timer_initDevice__I)
                  01005110    00000048                  : BIOS.obj (.text:ti_sysbios_knl_Mailbox_Module_startup__E)
                  01005158    00000048                  : BIOS.obj (.text:xdc_runtime_Core_assignParams__I)
                  010051a0    00000046     display.aem4 : DisplayUart.oem4 (.text:DisplayUartMin_vprintf)
                  010051e6    00000046     drivers_cc32xx.aem4 : RingBuf.oem4 (.text:RingBuf_put)
                  0100522c    00000044     i2ctmp006.obj (.text:I2CSlaveRec)
                  01005270    00000044     driverlib.a : prcm.obj (.text:PRCMLPDSRestoreInfoSet)
                  010052b4    00000044     drivers_cc32xx.aem4 : PowerCC32XX_asm.oem4 (.text:PowerCC32XX_enterLPDS)
                  010052f8    00000044                         : UART.oem4 (.text:UART_init)
                  0100533c    00000044     boot.aem4 : boot.oem4 (.text)
                  01005380    00000044     rtsv7M4_T_le_eabi.lib : fd_tou_t2.obj (.text)
                  010053c4    00000004     release_pem4.oem4 (.text:xdc_runtime_System_Module_GateProxy_leave__E)
                  010053c8    00000044     sysbios.aem4 : BIOS.obj (.text:ti_sysbios_family_arm_m3_Hwi_getStackInfo__E)
                  0100540c    00000004     --HOLE-- [fill = 0]
                  01005410    00000044                  : BIOS.obj (.text:ti_sysbios_knl_Mailbox_postInit__I)
                  01005454    00000004     --HOLE-- [fill = 0]
                  01005458    00000044                  : BIOS.obj (.text:ti_sysbios_knl_Swi_post__E)
                  0100549c    00000004     --HOLE-- [fill = 0]
                  010054a0    00000044                  : BIOS.obj (.text:xdc_runtime_System_atexit__E)
                  010054e4    00000040     dpl_cc32xx.aem4 : HwiP_tirtos.oem4 (.text:HwiP_create)
                  01005524    00000040     driverlib.a : pin.obj (.text:PinModeSet)
                  01005564    00000040     drivers_cc32xx.aem4 : RingBuf.oem4 (.text:RingBuf_get)
                  010055a4    00000040                         : UARTCC32XX.oem4 (.text:UARTCC32XX_read)
                  010055e4    00000040     rtsv7M4_T_le_eabi.lib : u_divt2.obj (.text)
                  01005624    00000004     --HOLE-- [fill = 0]
                  01005628    00000040     sysbios.aem4 : BIOS.obj (.text:ti_sysbios_heaps_HeapMem_Instance_init__E)
                  01005668    0000003c     drivers_cc32xx.aem4 : PowerCC32XX.oem4 (.text:Power_setConstraint)
                  010056a4    0000003c     dpl_cc32xx.aem4 : SemaphoreP_tirtos.oem4 (.text:SemaphoreP_create)
                  010056e0    0000003c     drivers_cc32xx.aem4 : UART.oem4 (.text:UART_open)
                  0100571c    0000003c     dpl_cc32xx.aem4 : PowerCC32XX_tirtos.oem4 (.text:getCountsRTC)
                  01005758    0000003c     sysbios.aem4 : BIOS.obj (.text:ti_sysbios_family_arm_m3_Hwi_Instance_finalize__E)
                  01005794    00000004     --HOLE-- [fill = 0]
                  01005798    0000003c                  : BIOS.obj (.text:ti_sysbios_family_arm_m3_Timer_setPeriodMicroSecs__E)
                  010057d4    0000003c     release_pem4.oem4 (.text:ti_sysbios_knl_Clock_create)
                  01005810    0000003c     sysbios.aem4 : BIOS.obj (.text:ti_sysbios_knl_Clock_walkQueuePeriodic__E)
                  0100584c    00000004     --HOLE-- [fill = 0]
                  01005850    0000003c                  : BIOS.obj (.text:ti_sysbios_knl_Swi_restore__E)
                  0100588c    00000004     --HOLE-- [fill = 0]
                  01005890    0000003c                  : BIOS.obj (.text:xdc_runtime_System_processAtExit__E)
                  010058cc    00000038     driverlib.a : prcm.obj (.text:PRCMLPDSEnterKeepDebugIf)
                  01005904    00000038     drivers_cc32xx.aem4 : PowerCC32XX.oem4 (.text:notify)
                  0100593c    00000038     rtsv7M4_T_le_eabi.lib : fs_tod_t2.obj (.text)
                  01005974    00000004     --HOLE-- [fill = 0]
                  01005978    00000038     sysbios.aem4 : BIOS.obj (.text:ti_sysbios_knl_Task_processVitalTaskFlag__I)
                  010059b0    00000036     drivers_cc32xx.aem4 : PowerCC32XX.oem4 (.text:PowerCC32XX_restoreParkedPin)
                  010059e6    00000036                         : UARTCC32XX.oem4 (.text:UARTCC32XX_readCancel)
                  01005a1c    00000034     driverlib.a : pin.obj (.text:PinModeGet)
                  01005a50    00000034     drivers_cc32xx.aem4 : PowerCC32XX.oem4 (.text:PowerCC32XX_restoreParkState)
                  01005a84    00000004     --HOLE-- [fill = 0]
                  01005a88    00000034     sysbios.aem4 : BIOS.obj (.text:_pthread_delete$41)
                  01005abc    00000004     --HOLE-- [fill = 0]
                  01005ac0    00000034                  : BIOS.obj (.text:ti_sysbios_family_arm_m3_Timer_periodicStub__I)
                  01005af4    00000034     release_pem4.oem4 (.text:ti_sysbios_knl_Semaphore_create)
                  01005b28    00000032     driverlib.a : i2c.obj (.text:I2CSlaveACKOverride)
                  01005b5a    00000032                 : i2c.obj (.text:I2CSlaveACKValueSet)
                  01005b8c    00000004     --HOLE-- [fill = 0]
                  01005b90    00000032     sysbios.aem4 : BIOS.obj (.text:ti_sysbios_hal_Hwi_initStack)
                  01005bc2    00000006     display.aem4 : DisplayUart.oem4 (.text:DisplayUartMin_getType)
                  01005bc8    00000032     sysbios.aem4 : BIOS.obj (.text:ti_sysbios_knl_Semaphore_pendTimeout__I)
                  01005bfa    00000002     --HOLE-- [fill = 0]
                  01005bfc    00000030     release_pem4.oem4 (.text:ti_sysbios_BIOS_atExitFunc__I)
                  01005c2c    00000030     release_pem4.oem4 (.text:ti_sysbios_BIOS_startFunc__I)
                  01005c5c    00000004     --HOLE-- [fill = 0]
                  01005c60    00000030     sysbios.aem4 : BIOS.obj (.text:ti_sysbios_family_arm_m3_TaskSupport_start__E)
                  01005c90    00000030     release_pem4.oem4 (.text:ti_sysbios_gates_GateHwi_Object__create__S)
                  01005cc0    00000030     release_pem4.oem4 (.text:ti_sysbios_gates_GateMutex_Object__create__S)
                  01005cf0    00000030     sysbios.aem4 : BIOS.obj (.text:ti_sysbios_gates_GateMutex_enter__E)
                  01005d20    00000030     release_pem4.oem4 (.text:ti_sysbios_heaps_HeapMem_Object__create__S)
                  01005d50    00000030     release_pem4.oem4 (.text:ti_sysbios_knl_Semaphore_construct)
                  01005d80    0000002e     rtsv7M4_T_le_eabi.lib : i_tofd_t2.obj (.text)
                  01005dae    00000002     --HOLE-- [fill = 0]
                  01005db0    0000002c     drivers_cc32xx.aem4 : PowerCC32XX.oem4 (.text:PowerCC32XX_getParkState)
                  01005ddc    0000002c     dpl_cc32xx.aem4 : SemaphoreP_tirtos.oem4 (.text:SemaphoreP_createBinary)
                  01005e08    0000002c     sysbios.aem4 : BIOS.obj (.text:_pthread_cleanupFxn)
                  01005e34    0000002c     release_pem4.oem4 (.text:ti_sysbios_knl_Clock_doTick__I)
                  01005e60    0000002c     release_pem4.oem4 (.text:ti_sysbios_knl_Queue_construct)
                  01005e8c    00000004     --HOLE-- [fill = 0]
                  01005e90    0000002c     sysbios.aem4 : BIOS.obj (.text:ti_sysbios_knl_Task_restore__E)
                  01005ebc    0000002a     display.aem4 : Display.oem4 (.text:Display_doPrintf)
                  01005ee6    00000002     --HOLE-- [fill = 0]
                  01005ee8    0000002a     sysbios.aem4 : BIOS.obj (.text:xdc_runtime_System_putchar__I)
                  01005f12    00000002     --HOLE-- [fill = 0]
                  01005f14    00000028     display.aem4 : Display.oem4 (.text:Display_doInit)
                  01005f3c    00000028     driverlib.a : prcm.obj (.text:PRCMPeripheralClkDisable)
                  01005f64    00000028     dpl_cc32xx.aem4 : PowerCC32XX_tirtos.oem4 (.text:PowerCC32XX_initPolicy)
                  01005f8c    00000028     drivers_cc32xx.aem4 : PowerCC32XX.oem4 (.text:Power_registerNotify)
                  01005fb4    00000004     --HOLE-- [fill = 0]
                  01005fb8    00000028     sysbios.aem4 : BIOS.obj (.text:ti_sysbios_knl_Clock_addI__E)
                  01005fe0    00000028                  : BIOS.obj (.text:ti_sysbios_knl_Swi_Module_startup__E)
                  01006008    00000026     drivers_cc32xx.aem4 : List.oem4 (.text:List_put)
                  0100602e    00000026                         : List.oem4 (.text:List_remove)
                  01006054    00000004     --HOLE-- [fill = 0]
                  01006058    00000024     sysbios.aem4 : BIOS.obj (.text:pthread_attr_init)
                  0100607c    00000024     release_pem4.oem4 (.text:ti_sysbios_BIOS_registerRTSLock__I)
                  010060a0    00000024     release_pem4.oem4 (.text:ti_sysbios_BIOS_removeRTSLock__I)
                  010060c4    00000004     --HOLE-- [fill = 0]
                  010060c8    00000024     sysbios.aem4 : BIOS.obj (.text:ti_sysbios_family_arm_m3_Timer_Module_startup__E)
                  010060ec    00000004     --HOLE-- [fill = 0]
                  010060f0    00000024                  : BIOS.obj (.text:ti_sysbios_family_arm_m3_Timer_postInit__I)
                  01006114    00000004     --HOLE-- [fill = 0]
                  01006118    00000024                  : BIOS.obj (.text:ti_sysbios_family_arm_m3_Timer_startup__E)
                  0100613c    00000024     release_pem4.oem4 (.text:ti_sysbios_gates_GateMutex_Object__delete__S)
                  01006160    00000024     sysbios.aem4 : BIOS.obj (.text:ti_sysbios_knl_Clock_Module_startup__E)
                  01006184    00000024     release_pem4.oem4 (.text:ti_sysbios_knl_Clock_Object__delete__S)
                  010061a8    00000024     sysbios.aem4 : BIOS.obj (.text:ti_sysbios_knl_Clock_start__E)
                  010061cc    00000004     --HOLE-- [fill = 0]
                  010061d0    00000024                  : BIOS.obj (.text:ti_sysbios_knl_Semaphore_Instance_init__E)
                  010061f4    00000024     release_pem4.oem4 (.text:ti_sysbios_knl_Semaphore_Object__delete__S)
                  01006218    00000024     sysbios.aem4 : BIOS.obj (.text:ti_sysbios_knl_Task_restoreHwi__E)
                  0100623c    00000004     --HOLE-- [fill = 0]
                  01006240    00000024                  : BIOS.obj (.text:xdc_runtime_Error_policyMin__E)
                  01006264    00000020     drivers_cc32xx.aem4 : PowerCC32XX.oem4 (.text:Power_unregisterNotify)
                  01006284    00000020                         : RingBuf.oem4 (.text:RingBuf_peek)
                  010062a4    00000020                         : UARTCC32XX.oem4 (.text:getPowerMgrId)
                  010062c4    00000020     release_pem4.oem4 (.text:ti_sysbios_BIOS_rtsLock__I)
                  010062e4    00000020     release_pem4.oem4 (.text:ti_sysbios_family_arm_m3_Hwi_Object__delete__S)
                  01006304    00000020     sysbios.aem4 : m3_Hwi_asm.obj (.text:ti_sysbios_family_arm_m3_Hwi_excHandlerAsm__I)
                  01006324    00000004     --HOLE-- [fill = 0]
                  01006328    00000020                  : BIOS.obj (.text:ti_sysbios_family_arm_m3_Hwi_excHandler__I)
                  01006348    00000020     release_pem4.oem4 (.text:ti_sysbios_gates_GateHwi_Object__delete__S)
                  01006368    00000020     release_pem4.oem4 (.text:ti_sysbios_heaps_HeapMem_Object__delete__S)
                  01006388    00000020     sysbios.aem4 : BIOS.obj (.text:ti_sysbios_knl_Idle_run__E)
                  010063a8    00000020     release_pem4.oem4 (.text:ti_sysbios_knl_Semaphore_destruct)
                  010063c8    00000020     release_pem4.oem4 (.text:ti_sysbios_knl_Task_Object__delete__S)
                  010063e8    0000001e     driverlib.a : i2c.obj (.text:I2CSlaveEnable)
                  01006406    0000001e     sysbios.aem4 : m3_Hwi_asm_switch.obj (.text:ti_sysbios_family_xxx_Hwi_switchAndRunFunc)
                  01006424    0000001c     driverlib.a : pin.obj (.text:PinToPadGet)
                  01006440    0000001c                 : pin.obj (.text:PinTypeI2C)
                  0100645c    00000004     --HOLE-- [fill = 0]
                  01006460    0000001c     sysbios.aem4 : BIOS.obj (.text:ti_sysbios_family_arm_m3_Timer_stop__E)
                  0100647c    00000004     --HOLE-- [fill = 0]
                  01006480    0000001c                  : BIOS.obj (.text:ti_sysbios_gates_GateMutex_Instance_init__E)
                  0100649c    00000004     --HOLE-- [fill = 0]
                  010064a0    0000001c                  : BIOS.obj (.text:ti_sysbios_knl_Clock_Instance_finalize__E)
                  010064bc    0000001c     release_pem4.oem4 (.text:ti_sysbios_knl_Queue_destruct)
                  010064d8    0000001c     sysbios.aem4 : BIOS.obj (.text:ti_sysbios_knl_Queue_put__E)
                  010064f4    00000004     --HOLE-- [fill = 0]
                  010064f8    0000001c                  : BIOS.obj (.text:ti_sysbios_knl_Task_enter__I)
                  01006514    0000001a     driverlib.a : i2c.obj (.text:I2CSlaveInit)
                  0100652e    0000001a     sysbios.aem4 : m3_Hwi_asm.obj (.text:ti_sysbios_family_arm_m3_Hwi_pendSV__I)
                  01006548    00000018     driverlib.a : i2c.obj (.text:I2CSlaveIntEnable)
                  01006560    00000018     drivers_cc32xx.aem4 : PowerCC32XX.oem4 (.text:Power_idleFunc)
                  01006578    00000018     driverlib.a : uart.obj (.text:UARTBusy)
                  01006590    00000018                 : uart.obj (.text:UARTIntEnable)
                  010065a8    00000018     drivers_cc32xx.aem4 : UART.oem4 (.text:UART_Params_init)
                  010065c0    00000018     i2ctmp006.obj (.text:mainThread)
                  010065d8    00000018     rtsv7M4_T_le_eabi.lib : args_main.obj (.text)
                  010065f0    00000018                           : ll_mul_t2.obj (.text)
                  01006608    00000018     release_pem4.oem4 (.text:ti_sysbios_BIOS_rtsUnlock__I)
                  01006620    00000018     release_pem4.oem4 (.text:ti_sysbios_family_arm_m3_Hwi_Module__startupDone__F)
                  01006638    00000018     release_pem4.oem4 (.text:ti_sysbios_family_arm_m3_Timer_Module__startupDone__F)
                  01006650    00000018     release_pem4.oem4 (.text:ti_sysbios_gates_GateHwi_Handle__label__S)
                  01006668    00000018     release_pem4.oem4 (.text:ti_sysbios_gates_GateMutex_Handle__label__S)
                  01006680    00000018     sysbios.aem4 : BIOS.obj (.text:ti_sysbios_gates_GateMutex_leave__E)
                  01006698    00000018     release_pem4.oem4 (.text:ti_sysbios_heaps_HeapMem_Handle__label__S)
                  010066b0    00000018     sysbios.aem4 : BIOS.obj (.text:xdc_runtime_Error_init__E)
                  010066c8    00000018                  : BIOS.obj (.text:xdc_runtime_System_exit__E)
                  010066e0    00000016     display.aem4 : DisplayUart.oem4 (.text:DisplayUartMin_close)
                  010066f6    00000016     driverlib.a : prcm.obj (.text:PRCMHIBRegRead)
                  0100670c    00000016                 : prcm.obj (.text:PRCMHIBRegWrite)
                  01006722    00000016     release_pem4.oem4 (.text:ti_sysbios_BIOS_exitFunc__I)
                  01006738    00000014     drivers_cc32xx.aem4 : PowerCC32XX.oem4 (.text:Power_getDependencyCount)
                  0100674c    00000004     --HOLE-- [fill = 0]
                  01006750    00000014     sysbios.aem4 : BIOS.obj (.text:pthread_attr_setschedparam)
                  01006764    00000014     drivers_cc32xx.aem4 : UARTCC32XX.oem4 (.text:releasePowerConstraint)
                  01006778    00000014     rtsv7M4_T_le_eabi.lib : _lock.obj (.text)
                  0100678c    00000014                           : strlen.obj (.text)
                  010067a0    00000014     release_pem4.oem4 (.text:ti_sysbios_family_arm_m3_Hwi_Object__get__S)
                  010067b4    00000004     --HOLE-- [fill = 0]
                  010067b8    00000014     sysbios.aem4 : BIOS.obj (.text:ti_sysbios_family_arm_m3_Hwi_switchFromBootStack__E)
                  010067cc    00000014     release_pem4.oem4 (.text:ti_sysbios_heaps_HeapMem_Object__get__S)
                  010067e0    00000014     sysbios.aem4 : BIOS.obj (.text:ti_sysbios_knl_Clock_tickReconfig__E)
                  010067f4    00000014     release_pem4.oem4 (.text:ti_sysbios_knl_Swi_Object__get__S)
                  01006808    00000012     driverlib.a : i2c.obj (.text:I2CSlaveIntClear)
                  0100681a    00000012     drivers_cc32xx.aem4 : RingBuf.oem4 (.text:RingBuf_construct)
                  0100682c    00000012     dpl_cc32xx.aem4 : SemaphoreP_tirtos.oem4 (.text:SemaphoreP_pend)
                  0100683e    00000002     --HOLE-- [fill = 0]
                  01006840    00000012     sysbios.aem4 : BIOS.obj (.text:ti_sysbios_hal_Hwi_Module_startup__E)
                  01006852    00000012     release_pem4.oem4 (.text:xdc_runtime_Startup_exec__I)
                  01006864    00000010     dpl_cc32xx.aem4 : HwiP_tirtos.oem4 (.text:HwiP_Params_init)
                  01006874    00000010     driverlib.a : i2c.obj (.text:I2CSlaveStatus)
                  01006884    00000010     drivers_cc32xx.aem4 : UARTCC32XX.oem4 (.text:readBlockingTimeout)
                  01006894    00000004     --HOLE-- [fill = 0]
                  01006898    00000010     sysbios.aem4 : BIOS.obj (.text:ti_sysbios_BIOS_getCpuFreq__E)
                  010068a8    00000010                  : BIOS.obj (.text:ti_sysbios_BIOS_setThreadType__E)
                  010068b8    00000010                  : BIOS.obj (.text:ti_sysbios_BIOS_start__E)
                  010068c8    00000010                  : m3_TaskSupport_asm.obj (.text:ti_sysbios_family_arm_m3_TaskSupport_glue)
                  010068d8    00000010                  : m3_TaskSupport_asm.obj (.text:ti_sysbios_family_arm_m3_TaskSupport_swap__E)
                  010068e8    00000010                  : BIOS.obj (.text:ti_sysbios_gates_GateMutex_Instance_finalize__E)
                  010068f8    00000010     release_pem4.oem4 (.text:ti_sysbios_knl_Mailbox_Object__get__S)
                  01006908    00000010     sysbios.aem4 : BIOS.obj (.text:ti_sysbios_knl_Semaphore_Instance_finalize__E)
                  01006918    00000010                  : BIOS.obj (.text:ti_sysbios_knl_Swi_disable__E)
                  01006928    00000010     release_pem4.oem4 (.text:ti_sysbios_knl_Task_Object__get__S)
                  01006938    00000010     sysbios.aem4 : BIOS.obj (.text:ti_sysbios_knl_Task_disable__E)
                  01006948    00000010                  : BIOS.obj (.text:xdc_runtime_Memory_free__E)
                  01006958    00000010                  : BIOS.obj (.text:xdc_runtime_SysCallback_abort__E)
                  01006968    00000010                  : BIOS.obj (.text:xdc_runtime_SysCallback_exit__E)
                  01006978    00000010                  : BIOS.obj (.text:xdc_runtime_SysCallback_putch__E)
                  01006988    00000010                  : BIOS.obj (.text:xdc_runtime_SysCallback_ready__E)
                  01006998    00000010                  : BIOS.obj (.text:xdc_runtime_System_vsnprintf__E)
                  010069a8    0000000e     rtsv7M4_T_le_eabi.lib : copy_decompress_none.obj (.text:decompress:none)
                  010069b6    00000002     --HOLE-- [fill = 0]
                  010069b8    0000000e     sysbios.aem4 : BIOS.obj (.text:pthread_attr_setdetachstate)
                  010069c6    00000002     --HOLE-- [fill = 0]
                  010069c8    0000000e                  : BIOS.obj (.text:ti_sysbios_knl_Idle_loop__E)
                  010069d6    00000002     --HOLE-- [fill = 0]
                  010069d8    0000000e                  : BIOS.obj (.text:ti_sysbios_knl_Queue_empty__E)
                  010069e6    0000000c     CC3220SF_LAUNCHXL.obj (.text:CC3220SF_LAUNCHXL_initGeneral)
                  010069f2    0000000c     dpl_cc32xx.aem4 : ClockP_tirtos.oem4 (.text:ClockP_delete)
                  010069fe    0000000c                     : HwiP_tirtos.oem4 (.text:HwiP_delete)
                  01006a0a    00000002     --HOLE-- [fill = 0]
                  01006a0c    0000000c     drivers_cc32xx.aem4 : PowerCC32XX.oem4 (.text:Power_getConstraintMask)
                  01006a18    0000000c     dpl_cc32xx.aem4 : SemaphoreP_tirtos.oem4 (.text:SemaphoreP_delete)
                  01006a24    0000000c     rtsv7M4_T_le_eabi.lib : copy_zero_init.obj (.text:decompress:ZI)
                  01006a30    0000000c     drivers_cc32xx.aem4 : UARTCC32XX.oem4 (.text:postNotifyFxn)
                  01006a3c    0000000c     release_pem4.oem4 (.text:ti_sysbios_family_arm_m3_Hwi_Params__init__S)
                  01006a48    0000000c     sysbios.aem4 : BIOS.obj (.text:ti_sysbios_family_arm_m3_Hwi_disableFxn__E)
                  01006a54    00000004     --HOLE-- [fill = 0]
                  01006a58    0000000c                  : BIOS.obj (.text:ti_sysbios_family_arm_m3_TaskSupport_getStackAlignment__E)
                  01006a64    00000004     --HOLE-- [fill = 0]
                  01006a68    0000000c                  : BIOS.obj (.text:ti_sysbios_gates_GateHwi_enter__E)
                  01006a74    0000000c     release_pem4.oem4 (.text:ti_sysbios_knl_Clock_Params__init__S)
                  01006a80    0000000c     sysbios.aem4 : BIOS.obj (.text:ti_sysbios_knl_Clock_getTicks__E)
                  01006a8c    00000004     --HOLE-- [fill = 0]
                  01006a90    0000000c                  : BIOS.obj (.text:ti_sysbios_knl_Clock_setTicks__E)
                  01006a9c    00000004     --HOLE-- [fill = 0]
                  01006aa0    0000000c                  : BIOS.obj (.text:ti_sysbios_knl_Clock_tickStart__E)
                  01006aac    00000004     --HOLE-- [fill = 0]
                  01006ab0    0000000c                  : BIOS.obj (.text:ti_sysbios_knl_Clock_tickStop__E)
                  01006abc    0000000c     release_pem4.oem4 (.text:ti_sysbios_knl_Queue_Object__get__S)
                  01006ac8    0000000c     release_pem4.oem4 (.text:ti_sysbios_knl_Semaphore_Params__init__S)
                  01006ad4    0000000c     release_pem4.oem4 (.text:ti_sysbios_knl_Task_Params__init__S)
                  01006ae0    0000000c     sysbios.aem4 : BIOS.obj (.text:ti_sysbios_rts_ti_ReentSupport_taskRegHook__I)
                  01006aec    00000004     --HOLE-- [fill = 0]
                  01006af0    0000000c                  : BIOS.obj (.text:xdc_runtime_Startup_rtsDone__E)
                  01006afc    0000000a     drivers_cc32xx.aem4 : UART.oem4 (.text:UART_close)
                  01006b06    0000000a                         : UART.oem4 (.text:UART_control)
                  01006b10    0000000a                         : UART.oem4 (.text:UART_write)
                  01006b1a    0000000a     release_pem4.oem4 (.text:xdc_runtime_IHeap_alloc)
                  01006b24    0000000a     release_pem4.oem4 (.text:xdc_runtime_IHeap_free)
                  01006b2e    00000008     dpl_cc32xx.aem4 : SemaphoreP_tirtos.oem4 (.text:SemaphoreP_Params_init)
                  01006b36    00000002     --HOLE-- [fill = 0]
                  01006b38    00000008     sysbios.aem4 : BIOS.obj (.text:pthread_attr_setstacksize)
                  01006b40    00000008     drivers_cc32xx.aem4 : UARTCC32XX.oem4 (.text:readSemCallback)
                  01006b48    00000008     sysbios.aem4 : BIOS.obj (.text:ti_sysbios_family_arm_m3_Hwi_doSwiRestore__I)
                  01006b50    00000008                  : BIOS.obj (.text:ti_sysbios_family_arm_m3_Hwi_startup__E)
                  01006b58    00000008     drivers_cc32xx.aem4 : UARTCC32XX.oem4 (.text:writeSemCallback)
                  01006b60    00000006     driverlib.a : utils.obj (.text:UtilsDelay)
                  01006b66    00000002     --HOLE-- [fill = 0]
                  01006b68    00000006     sysbios.aem4 : BIOS.obj (.text:ti_sysbios_family_arm_m3_Hwi_doTaskRestore__I)
                  01006b6e    00000002     --HOLE-- [fill = 0]
                  01006b70    00000006                  : BIOS.obj (.text:ti_sysbios_family_arm_m3_Hwi_restoreFxn__E)
                  01006b76    00000002     --HOLE-- [fill = 0]
                  01006b78    00000006                  : BIOS.obj (.text:ti_sysbios_gates_GateHwi_leave__E)
                  01006b7e    00000002     --HOLE-- [fill = 0]
                  01006b80    00000006                  : BIOS.obj (.text:ti_sysbios_heaps_HeapMem_isBlocking__E)
                  01006b86    00000002     --HOLE-- [fill = 0]
                  01006b88    00000006                  : BIOS.obj (.text:ti_sysbios_knl_Clock_stop__E)
                  01006b8e    00000002     --HOLE-- [fill = 0]
                  01006b90    00000006                  : BIOS.obj (.text:ti_sysbios_knl_Queue_Instance_init__E)
                  01006b96    00000002     --HOLE-- [fill = 0]
                  01006b98    00000006                  : BIOS.obj (.text:ti_sysbios_knl_Swi_startup__E)
                  01006b9e    00000002     --HOLE-- [fill = 0]
                  01006ba0    00000006                  : BIOS.obj (.text:xdc_runtime_System_Module_startup__E)
                  01006ba6    00000002     --HOLE-- [fill = 0]
                  01006ba8    00000004                  : BIOS.obj (.text:ti_sysbios_family_arm_m3_Timer_getMaxTicks__E)
                  01006bac    00000004     --HOLE-- [fill = 0]
                  01006bb0    00000004                  : BIOS.obj (.text:ti_sysbios_gates_GateHwi_query__E)
                  01006bb4    00000004     --HOLE-- [fill = 0]
                  01006bb8    00000004                  : BIOS.obj (.text:ti_sysbios_gates_GateMutex_query__E)
                  01006bbc    00000004     --HOLE-- [fill = 0]
                  01006bc0    00000004                  : BIOS.obj (.text:ti_sysbios_knl_Clock_setTimeout__E)
                  01006bc4    00000004     --HOLE-- [fill = 0]
                  01006bc8    00000004                  : BIOS.obj (.text:ti_sysbios_knl_Task_startup__E)
                  01006bcc    00000004     --HOLE-- [fill = 0]
                  01006bd0    00000004                  : BIOS.obj (.text:xdc_runtime_SysCallback_defaultReady)
                  01006bd4    00000004     --HOLE-- [fill = 0]
                  01006bd8    00000002                  : BIOS.obj (.text:ti_sysbios_BIOS_linkedWithIncorrectBootLibrary__E)
                  01006bda    00000006     --HOLE-- [fill = 0]
                  01006be0    00000002                  : BIOS.obj (.text:ti_sysbios_gates_GateHwi_Instance_init__E)
                  01006be2    00000006     --HOLE-- [fill = 0]
                  01006be8    00000002                  : BIOS.obj (.text:ti_sysbios_knl_Clock_logTick__E)
                  01006bea    00000006     --HOLE-- [fill = 0]
                  01006bf0    00000002                  : BIOS.obj (.text:xdc_runtime_SysCallback_defaultAbort)
                  01006bf2    00000006     --HOLE-- [fill = 0]
                  01006bf8    00000002                  : BIOS.obj (.text:xdc_runtime_SysCallback_defaultExit)
                  01006bfa    00000006     --HOLE-- [fill = 0]
                  01006c00    00000002                  : BIOS.obj (.text:xdc_runtime_SysCallback_defaultPutch)
                  01006c02    00000006     --HOLE-- [fill = 0]
                  01006c08    00000002                  : BIOS.obj (.text:xdc_runtime_System_abortSpin__E)
                  01006c0a    00000006     --HOLE-- [fill = 0]
                  01006c10    00000002                  : BIOS.obj (.text:xdc_runtime_System_exitSpin__E)

.const     0    01006c14    000007ec     
                  01006c14    00000100     driverlib.a : pin.obj (.const:g_ulPinToPadMap)
                  01006d14    000000a8                 : prcm.obj (.const:PRCM_PeriphRegsList)
                  01006dbc    00000048     release_pem4.oem4 (.const:.string)
                  01006e04    00000048     CC3220SF_LAUNCHXL.obj (.const:uartCC3220SHWAttrs)
                  01006e4c    00000040     CC3220SF_LAUNCHXL.obj (.const:PowerCC32XX_config)
                  01006e8c    0000003c     release_pem4.oem4 (.const:ti_sysbios_knl_Task_Object__PARAMS__C)
                  01006ec8    00000030     release_pem4.oem4 (.const:ti_sysbios_family_arm_m3_Hwi_Object__PARAMS__C)
                  01006ef8    00000028     drivers_cc32xx.aem4 : UARTCC32XX.oem4 (.const:UARTCC32XX_fxnTable)
                  01006f20    00000028     release_pem4.oem4 (.const:ti_sysbios_heaps_HeapMem_Module__FXNS__C)
                  01006f48    00000024     drivers_cc32xx.aem4 : UART.oem4 (.const:UART_defaultParams)
                  01006f6c    00000024     release_pem4.oem4 (.const:ti_sysbios_gates_GateHwi_Module__FXNS__C)
                  01006f90    00000024     release_pem4.oem4 (.const:ti_sysbios_gates_GateMutex_Module__FXNS__C)
                  01006fb4    00000024     release_pem4.oem4 (.const:ti_sysbios_heaps_HeapMem_Object__PARAMS__C)
                  01006fd8    00000024     release_pem4.oem4 (.const:ti_sysbios_knl_Clock_Object__PARAMS__C)
                  01006ffc    00000024     release_pem4.oem4 (.const:ti_sysbios_knl_Semaphore_Object__PARAMS__C)
                  01007020    00000021     drivers_cc32xx.aem4 : GPIOCC32XX.oem4 (.const:.string:pinTable)
                  01007041    00000001     release_pem4.oem4 (.const:ti_sysbios_knl_Clock_tickMode__C)
                  01007042    00000002     release_pem4.oem4 (.const:ti_sysbios_family_arm_m3_Hwi_Module__id__C)
                  01007044    00000020     display.aem4 : DisplayUart.oem4 (.const:DisplayUartMin_fxnTable)
                  01007064    00000020     drivers_cc32xx.aem4 : UARTCC32XX.oem4 (.const:staticFxnTable)
                  01007084    00000020     release_pem4.oem4 (.const:ti_sysbios_family_arm_m3_Hwi_Object__DESC__C)
                  010070a4    00000020     release_pem4.oem4 (.const:ti_sysbios_gates_GateHwi_Object__DESC__C)
                  010070c4    00000020     release_pem4.oem4 (.const:ti_sysbios_gates_GateMutex_Object__DESC__C)
                  010070e4    00000020     release_pem4.oem4 (.const:ti_sysbios_heaps_HeapMem_Object__DESC__C)
                  01007104    00000020     release_pem4.oem4 (.const:ti_sysbios_knl_Clock_Object__DESC__C)
                  01007124    00000020     release_pem4.oem4 (.const:ti_sysbios_knl_Queue_Object__DESC__C)
                  01007144    00000020     release_pem4.oem4 (.const:ti_sysbios_knl_Semaphore_Object__DESC__C)
                  01007164    00000020     release_pem4.oem4 (.const:ti_sysbios_knl_Task_Object__DESC__C)
                  01007184    00000020     release_pem4.oem4 (.const:xdc_runtime_Startup_sfxnTab__A)
                  010071a4    00000018     CC3220SF_LAUNCHXL.obj (.const:UART_config)
                  010071bc    00000018     release_pem4.oem4 (.const:ti_sysbios_gates_GateHwi_Object__PARAMS__C)
                  010071d4    00000018     release_pem4.oem4 (.const:ti_sysbios_gates_GateMutex_Object__PARAMS__C)
                  010071ec    00000018     release_pem4.oem4 (.const:ti_sysbios_knl_Queue_Object__PARAMS__C)
                  01007204    00000018     release_pem4.oem4 (.const:ti_sysbios_knl_Task_hooks__A)
                  0100721c    00000014     CC3220SF_LAUNCHXL.obj (.const:GPIOCC32XX_config)
                  01007230    00000014     CC3220SF_LAUNCHXL.obj (.const:displayUartHWAttrs)
                  01007244    00000014     drivers_cc32xx.aem4 : GPIOCC32XX.oem4 (.const:gpioBaseAddresses)
                  01007258    00000014                         : UARTCC32XX.oem4 (.const:parityType)
                  0100726c    00000014                         : GPIOCC32XX.oem4 (.const:powerResources)
                  01007280    00000010                         : UARTCC32XX.oem4 (.const:dataLength)
                  01007290    00000010     release_pem4.oem4 (.const:xdc_runtime_Startup_sfxnRts__A)
                  010072a0    0000000d     CC3220SF_LAUNCHXL.obj (.const)
                  010072ad    00000001     release_pem4.oem4 (.const:ti_sysbios_knl_Clock_tickSource__C)
                  010072ae    00000002     release_pem4.oem4 (.const:ti_sysbios_family_arm_m3_Timer_Module__id__C)
                  010072b0    0000000c     CC3220SF_LAUNCHXL.obj (.const:Display_config)
                  010072bc    0000000c     release_pem4.oem4 (.const:xdc_runtime_Startup_firstFxns__A)
                  010072c8    00000008     drivers_cc32xx.aem4 : GPIOCC32XX.oem4 (.const:outPinTypes)
                  010072d0    00000008                         : UARTCC32XX.oem4 (.const:stopBits)
                  010072d8    00000008     release_pem4.oem4 (.const:ti_sysbios_knl_Idle_funcList__A)
                  010072e0    00000008     release_pem4.oem4 (.const:ti_sysbios_knl_Idle_funcList__C)
                  010072e8    00000008     release_pem4.oem4 (.const:ti_sysbios_knl_Task_hooks__C)
                  010072f0    00000008     release_pem4.oem4 (.const:xdc_runtime_Startup_firstFxns__C)
                  010072f8    00000008     release_pem4.oem4 (.const:xdc_runtime_Startup_lastFxns__C)
                  01007300    00000006     drivers_cc32xx.aem4 : GPIOCC32XX.oem4 (.const:.string:interruptType)
                  01007306    00000006                         : GPIOCC32XX.oem4 (.const:inPinTypes)
                  0100730c    00000006                         : GPIOCC32XX.oem4 (.const:outPinStrengths)
                  01007312    00000004                         : GPIOCC32XX.oem4 (.const:.string:portInterruptIds)
                  01007316    00000002     release_pem4.oem4 (.const:ti_sysbios_heaps_HeapMem_Module__id__C)
                  01007318    00000004     release_pem4.oem4 (.const:ti_sysbios_family_arm_m3_Hwi_E_alreadyDefined__C)
                  0100731c    00000004     release_pem4.oem4 (.const:ti_sysbios_family_arm_m3_Hwi_NUM_INTERRUPTS__C)
                  01007320    00000004     release_pem4.oem4 (.const:ti_sysbios_family_arm_m3_Hwi_Object__count__C)
                  01007324    00000004     release_pem4.oem4 (.const:ti_sysbios_family_arm_m3_Hwi_ccr__C)
                  01007328    00000004     release_pem4.oem4 (.const:ti_sysbios_family_arm_m3_Hwi_excHandlerFunc__C)
                  0100732c    00000004     release_pem4.oem4 (.const:ti_sysbios_family_arm_m3_Hwi_nullIsrFunc__C)
                  01007330    00000004     release_pem4.oem4 (.const:ti_sysbios_family_arm_m3_Hwi_priGroup__C)
                  01007334    00000004     release_pem4.oem4 (.const:ti_sysbios_family_arm_m3_Hwi_swiDisable__C)
                  01007338    00000004     release_pem4.oem4 (.const:ti_sysbios_family_arm_m3_Hwi_swiRestoreHwi__C)
                  0100733c    00000004     release_pem4.oem4 (.const:ti_sysbios_family_arm_m3_TaskSupport_stackAlignment__C)
                  01007340    00000004     release_pem4.oem4 (.const:ti_sysbios_family_arm_m3_Timer_E_cannotSupport__C)
                  01007344    00000004     release_pem4.oem4 (.const:ti_sysbios_family_arm_m3_Timer_startupNeeded__C)
                  01007348    00000004     release_pem4.oem4 (.const:ti_sysbios_gates_GateMutex_Instance_State_sem__O)
                  0100734c    00000004     release_pem4.oem4 (.const:ti_sysbios_heaps_HeapMem_E_memory__C)
                  01007350    00000004     release_pem4.oem4 (.const:ti_sysbios_heaps_HeapMem_Module__gateObj__C)
                  01007354    00000004     release_pem4.oem4 (.const:ti_sysbios_heaps_HeapMem_Object__count__C)
                  01007358    00000004     release_pem4.oem4 (.const:ti_sysbios_heaps_HeapMem_primaryHeapBaseAddr__C)
                  0100735c    00000004     release_pem4.oem4 (.const:ti_sysbios_heaps_HeapMem_primaryHeapEndAddr__C)
                  01007360    00000004     release_pem4.oem4 (.const:ti_sysbios_heaps_HeapMem_reqAlign__C)
                  01007364    00000004     release_pem4.oem4 (.const:ti_sysbios_knl_Clock_Module_State_clockQ__O)
                  01007368    00000004     release_pem4.oem4 (.const:ti_sysbios_knl_Clock_tickPeriod__C)
                  0100736c    00000004     release_pem4.oem4 (.const:ti_sysbios_knl_Mailbox_Instance_State_freeQue__O)
                  01007370    00000004     release_pem4.oem4 (.const:ti_sysbios_knl_Mailbox_Object__count__C)
                  01007374    00000004     release_pem4.oem4 (.const:ti_sysbios_knl_Mailbox_maxTypeAlign__C)
                  01007378    00000004     release_pem4.oem4 (.const:ti_sysbios_knl_Semaphore_Instance_State_pendQ__O)
                  0100737c    00000004     release_pem4.oem4 (.const:ti_sysbios_knl_Swi_Object__count__C)
                  01007380    00000004     release_pem4.oem4 (.const:ti_sysbios_knl_Task_Module_State_inactiveQ__O)
                  01007384    00000004     release_pem4.oem4 (.const:ti_sysbios_knl_Task_Object__count__C)
                  01007388    00000004     release_pem4.oem4 (.const:ti_sysbios_knl_Task_Object__heap__C)
                  0100738c    00000004     release_pem4.oem4 (.const:ti_sysbios_knl_Task_allBlockedFunc__C)
                  01007390    00000004     release_pem4.oem4 (.const:ti_sysbios_knl_Task_defaultStackHeap__C)
                  01007394    00000004     release_pem4.oem4 (.const:ti_sysbios_knl_Task_defaultStackSize__C)
                  01007398    00000004     release_pem4.oem4 (.const:ti_sysbios_knl_Task_numConstructedTasks__C)
                  0100739c    00000004     release_pem4.oem4 (.const:xdc_runtime_Error_E_memory__C)
                  010073a0    00000004     release_pem4.oem4 (.const:xdc_runtime_Error_policyFxn__C)
                  010073a4    00000004     release_pem4.oem4 (.const:xdc_runtime_IGateProvider_Interface__BASE__C)
                  010073a8    00000004     release_pem4.oem4 (.const:xdc_runtime_IHeap_Interface__BASE__C)
                  010073ac    00000004     release_pem4.oem4 (.const:xdc_runtime_IModule_Interface__BASE__C)
                  010073b0    00000004     release_pem4.oem4 (.const:xdc_runtime_Memory_defaultHeapInstance__C)
                  010073b4    00000004     release_pem4.oem4 (.const:xdc_runtime_Startup_execImpl__C)
                  010073b8    00000004     release_pem4.oem4 (.const:xdc_runtime_Startup_maxPasses__C)
                  010073bc    00000004     release_pem4.oem4 (.const:xdc_runtime_Startup_sfxnRts__C)
                  010073c0    00000004     release_pem4.oem4 (.const:xdc_runtime_Startup_sfxnTab__C)
                  010073c4    00000004     release_pem4.oem4 (.const:xdc_runtime_SysCallback_abortFxn__C)
                  010073c8    00000004     release_pem4.oem4 (.const:xdc_runtime_SysCallback_exitFxn__C)
                  010073cc    00000004     release_pem4.oem4 (.const:xdc_runtime_SysCallback_putchFxn__C)
                  010073d0    00000004     release_pem4.oem4 (.const:xdc_runtime_SysCallback_readyFxn__C)
                  010073d4    00000004     release_pem4.oem4 (.const:xdc_runtime_System_Module__gateObj__C)
                  010073d8    00000004     release_pem4.oem4 (.const:xdc_runtime_System_abortFxn__C)
                  010073dc    00000004     release_pem4.oem4 (.const:xdc_runtime_System_exitFxn__C)
                  010073e0    00000004     release_pem4.oem4 (.const:xdc_runtime_System_extendFxn__C)
                  010073e4    00000004     release_pem4.oem4 (.const:xdc_runtime_System_maxAtexitHandlers__C)
                  010073e8    00000004     release_pem4.oem4 (.const:xdc_runtime_Text_charTab__C)
                  010073ec    00000004     release_pem4.oem4 (.const:xdc_runtime_Text_nameEmpty__C)
                  010073f0    00000004     release_pem4.oem4 (.const:xdc_runtime_Text_nameStatic__C)
                  010073f4    00000004     release_pem4.oem4 (.const:xdc_runtime_Text_nameUnknown__C)
                  010073f8    00000002     release_pem4.oem4 (.const:xdc_runtime_Memory_Module__id__C)
                  010073fa    00000002     release_pem4.oem4 (.const:xdc_runtime_Text_charCnt__C)
                  010073fc    00000002     release_pem4.oem4 (.const:xdc_runtime_Text_isLoaded__C)
                  010073fe    00000001     release_pem4.oem4 (.const:xdc_runtime_Error_policy__C)
                  010073ff    00000001     release_pem4.oem4 (.const:xdc_runtime_Text_charTab__A)

.cinit     0    01007400    00000268     
                  01007400    00000242     (.cinit..data.load) [load image, compression = lzss]
                  01007642    00000002     --HOLE-- [fill = 0]
                  01007644    0000000c     (__TI_handler_table)
                  01007650    00000008     (.cinit..bss.load) [load image, compression = zero_init]
                  01007658    00000010     (__TI_cinit_table)

.init_array 
*          0    01000800    00000000     UNINITIALIZED

.bss       0    20008310    00000bdc     UNINITIALIZED
                  20008310    00000400     CC3220SF_LAUNCHXL.obj (.bss:displayBuf)
                  20008710    0000030c     (.common:ti_sysbios_family_arm_m3_Hwi_dispatchTable)
                  20008a1c    00000004     drivers_cc32xx.aem4 : GPIOCC32XX.oem4 (.bss)
                  20008a20    00000200     release_pem4.oem4 (.bss:taskStackSection)
                  20008c20    0000012c     (.common:PowerCC32XX_contextSave)
                  20008d4c    00000108     (.common:uartCC3220SObjects)
                  20008e54    00000040     (.common:uartCC3220SRingBuffer)
                  20008e94    00000020     drivers_cc32xx.aem4 : GPIOCC32XX.oem4 (.bss:gpioCallbackInfo)
                  20008eb4    00000014                         : GPIOCC32XX.oem4 (.bss:powerNotifyObj)
                  20008ec8    0000000c     dpl_cc32xx.aem4 : PowerCC32XX_tirtos.oem4 (.bss)
                  20008ed4    0000000c     (.common:displayUartObject)
                  20008ee0    00000004     i2ctmp006.obj (.bss)
                  20008ee4    00000004     (.common:ClockP_tickPeriod)
                  20008ee8    00000004     (.common:ti_sysbios_knl_Task_Instance_State_0_hookEnv__A)

.data      0    20008eec    000006e5     UNINITIALIZED
                  20008eec    0000016c     drivers_cc32xx.aem4 : PowerCC32XX.oem4 (.data:PowerCC32XX_module)
                  20009058    000000f8     CC3220SF_LAUNCHXL.obj (.data:parkInfo)
                  20009150    00000088     sysbios.aem4 : BIOS.obj (.data:$O1$$)
                  200091d8    00000080     release_pem4.oem4 (.data:ti_sysbios_knl_Swi_Module_State_0_readyQ__A)
                  20009258    00000080     release_pem4.oem4 (.data:ti_sysbios_knl_Task_Module_State_0_readyQ__A)
                  200092d8    00000054     release_pem4.oem4 (.data:ti_sysbios_gates_GateMutex_Object__table__V)
                  2000932c    0000004c     release_pem4.oem4 (.data:ti_sysbios_knl_Task_Object__table__V)
                  20009378    00000044     release_pem4.oem4 (.data:ti_sysbios_knl_Task_Module__state__V)
                  200093bc    00000034     release_pem4.oem4 (.data:ti_sysbios_family_arm_m3_Hwi_Module__state__V)
                  200093f0    00000030     release_pem4.oem4 (.data:ti_sysbios_family_arm_m3_Timer_Object__table__V)
                  20009420    00000030     release_pem4.oem4 (.data:ti_sysbios_knl_Swi_Object__table__V)
                  20009450    0000002c     release_pem4.oem4 (.data:ti_sysbios_knl_Clock_Module__state__V)
                  2000947c    00000024     release_pem4.oem4 (.data:ti_sysbios_BIOS_Module__state__V)
                  200094a0    00000020     CC3220SF_LAUNCHXL.obj (.data:gpioPinConfigs)
                  200094c0    00000020     release_pem4.oem4 (.data:xdc_runtime_Error_IgnoreBlock)
                  200094e0    0000001c     release_pem4.oem4 (.data:ti_sysbios_knl_Swi_Module__state__V)
                  200094fc    00000018     release_pem4.oem4 (.data:ti_sysbios_family_arm_m3_Hwi_Object__table__V)
                  20009514    00000018     release_pem4.oem4 (.data:ti_sysbios_heaps_HeapMem_Object__table__V)
                  2000952c    00000010     CC3220SF_LAUNCHXL.obj (.data:gpioCallbackFunctions)
                  2000953c    0000000c     release_pem4.oem4 (.data:ti_sysbios_family_arm_m3_Timer_Module__state__V)
                  20009548    00000009     drivers_cc32xx.aem4 : GPIOCC32XX.oem4 (.data)
                  20009551    00000001     dpl_cc32xx.aem4 : PowerCC32XX_tirtos.oem4 (.data)
                  20009552    00000002     release_pem4.oem4 (.data:ti_sysbios_family_arm_m3_Hwi_Module_State_0_excActive__A)
                  20009554    00000008     rtsv7M4_T_le_eabi.lib : _lock.obj (.data:$O1$$)
                  2000955c    00000008     release_pem4.oem4 (.data:ti_sysbios_family_arm_m3_Hwi_Module__root__V)
                  20009564    00000008     release_pem4.oem4 (.data:ti_sysbios_gates_GateHwi_Module__root__V)
                  2000956c    00000008     release_pem4.oem4 (.data:ti_sysbios_gates_GateMutex_Module__root__V)
                  20009574    00000008     release_pem4.oem4 (.data:ti_sysbios_heaps_HeapMem_Module__root__V)
                  2000957c    00000008     release_pem4.oem4 (.data:ti_sysbios_knl_Clock_Module__root__V)
                  20009584    00000008     release_pem4.oem4 (.data:ti_sysbios_knl_Queue_Module__root__V)
                  2000958c    00000008     release_pem4.oem4 (.data:ti_sysbios_knl_Semaphore_Module__root__V)
                  20009594    00000008     release_pem4.oem4 (.data:ti_sysbios_knl_Task_Module__root__V)
                  2000959c    00000008     release_pem4.oem4 (.data:xdc_runtime_Startup_Module__state__V)
                  200095a4    00000008     release_pem4.oem4 (.data:xdc_runtime_System_Module_State_0_atexitHandlers__A)
                  200095ac    00000008     release_pem4.oem4 (.data:xdc_runtime_System_Module__state__V)
                  200095b4    00000004     rtsv7M4_T_le_eabi.lib : stkdepth_vars.obj (.data)
                  200095b8    00000004     release_pem4.oem4 (.data:ti_sysbios_family_arm_m3_Hwi_Module_State_0_excContext__A)
                  200095bc    00000004     release_pem4.oem4 (.data:ti_sysbios_family_arm_m3_Hwi_Module_State_0_excStack__A)
                  200095c0    00000004     release_pem4.oem4 (.data:ti_sysbios_gates_GateHwi_Object__table__V)
                  200095c4    00000004     release_pem4.oem4 (.data:ti_sysbios_knl_Task_Module_State_0_idleTask__A)
                  200095c8    00000004     release_pem4.oem4 (.data:ti_sysbios_rts_ti_ReentSupport_Module__state__V)
                  200095cc    00000004     release_pem4.oem4 (.data:xdc_runtime_Memory_Module__state__V)
                  200095d0    00000001     drivers_cc32xx.aem4 : UART.oem4 (.data)

.priheap   0    20000310    00008000     UNINITIALIZED
                  20000310    00008000     --HOLE--

.stack     0    2003fc00    00000400     UNINITIALIZED
                  2003fc00    00000400     --HOLE--

.bootVecs 
*          0    00000000    00000008     DSECT
                  00000000    00000008     boot.aem4 : boot.oem4 (.bootVecs)

.resetVecs 
*          0    01000800    0000003c     
                  01000800    0000003c     release_pem4.oem4 (.resetVecs)

.vecs      0    20000000    0000030c     NOLOAD SECTION
                  20000000    0000030c     release_pem4.oem4 (.vecs)

xdc.meta   0    00000000    00000104     COPY SECTION
                  00000000    00000104     release_pem4.oem4 (xdc.meta)

xdc.noload 
*          0    00000000    00000000     COPY SECTION

.binit     0    01000000    00000000     

MODULE SUMMARY

       Module                     code    ro data   rw data
       ------                     ----    -------   -------
    ./
       CC3220SF_LAUNCHXL.obj      12      225       1660   
       i2ctmp006.obj              176     0         4      
       main_tirtos.obj            104     0         0      
    +--+--------------------------+-------+---------+---------+
       Total:                     292     225       1664   
                                                           
    /Users/tuddi/workspace_v7/tirtos_builds_CC3220SF_LAUNCHXL_release_ccs/Debug/configPkg/package/cfg/
       release_pem4.oem4          1840    1152      3022   
    +--+--------------------------+-------+---------+---------+
       Total:                     1840    1152      3022   
                                                           
    /Applications/ti/ccsv7/tools/compiler/ti-cgt-arm_16.9.1.LTS/lib/rtsv7M4_T_le_eabi.lib
       ull_div_t2.obj             500     0         0      
       fd_add_t2.obj              438     0         0      
       fd_cmp_t2.obj              268     0         0      
       fd_mul_t2.obj              252     0         0      
       memcpy_t2.obj              156     0         0      
       memset_t2.obj              122     0         0      
       copy_decompress_lzss.obj   104     0         0      
       cpy_tbl.obj                76      0         0      
       fd_toi_t2.obj              72      0         0      
       fd_tou_t2.obj              68      0         0      
       u_divt2.obj                64      0         0      
       fs_tod_t2.obj              56      0         0      
       i_tofd_t2.obj              46      0         0      
       _lock.obj                  20      0         8      
       args_main.obj              24      0         0      
       ll_mul_t2.obj              24      0         0      
       strlen.obj                 20      0         0      
       copy_decompress_none.obj   14      0         0      
       copy_zero_init.obj         12      0         0      
       stkdepth_vars.obj          0       0         4      
       i_div0.obj                 2       0         0      
    +--+--------------------------+-------+---------+---------+
       Total:                     2338    0         12     
                                                           
    /Applications/ti/simplelink_cc32xx_sdk_2_10_00_04/kernel/tirtos/packages/ti/dpl/lib/dpl_cc32xx.aem4
       PowerCC32XX_tirtos.oem4    540     0         13     
       SemaphoreP_tirtos.oem4     146     0         0      
       ClockP_tirtos.oem4         106     0         4      
       HwiP_tirtos.oem4           96      0         0      
       SystemP_tirtos.oem4        4       0         0      
    +--+--------------------------+-------+---------+---------+
       Total:                     892     0         17     
                                                           
    /Applications/ti/simplelink_cc32xx_sdk_2_10_00_04/kernel/tirtos/packages/ti/targets/arm/rtsarm/lib/auto_init.aem4
       auto_init.oem4             160     0         0      
    +--+--------------------------+-------+---------+---------+
       Total:                     160     0         0      
                                                           
    /Applications/ti/simplelink_cc32xx_sdk_2_10_00_04/kernel/tirtos/packages/ti/targets/arm/rtsarm/lib/boot.aem4
       boot.oem4                  68      0         0      
    +--+--------------------------+-------+---------+---------+
       Total:                     68      0         0      
                                                           
    /Applications/ti/simplelink_cc32xx_sdk_2_10_00_04/source/ti/devices/cc32xx/driverlib/ccs/Release/driverlib.a
       prcm.obj                   1604    168       0      
       pin.obj                    308     256       0      
       i2c.obj                    214     0         0      
       flash.obj                  72      0         0      
       uart.obj                   48      0         0      
       utils.obj                  6       0         0      
    +--+--------------------------+-------+---------+---------+
       Total:                     2252    424       0      
                                                           
    /Applications/ti/simplelink_cc32xx_sdk_2_10_00_04/source/ti/display/lib/display.aem4
       DisplayUart.oem4           184     32        0      
       Display.oem4               82      0         0      
    +--+--------------------------+-------+---------+---------+
       Total:                     266     32        0      
                                                           
    /Applications/ti/simplelink_cc32xx_sdk_2_10_00_04/source/ti/drivers/lib/drivers_cc32xx.aem4
       UARTCC32XX.oem4            3332    116       0      
       PowerCC32XX.oem4           2264    0         664    
       GPIOCC32XX.oem4            1092    103       65     
       UART.oem4                  182     36        1      
       RingBuf.oem4               184     0         0      
       PowerCC32XX_asm.oem4       150     0         0      
       List.oem4                  76      0         0      
    +--+--------------------------+-------+---------+---------+
       Total:                     7280    255       730    
                                                           
    /Users/tuddi/workspace_v7/tirtos_builds_CC3220SF_LAUNCHXL_release_ccs/src/sysbios/sysbios.aem4
       BIOS.obj                   9452    0         136    
       m3_Hwi_asm.obj             262     0         0      
       m3_TaskSupport_asm.obj     108     0         0      
       m3_Hwi_asm_switch.obj      102     0         0      
    +--+--------------------------+-------+---------+---------+
       Total:                     9924    0         136    
                                                           
       Stack:                     0       0         1024   
       Linker Generated:          0       614       0      
    +--+--------------------------+-------+---------+---------+
       Grand Total:               25312   2702      6605   


LINKER GENERATED COPY TABLES

__TI_cinit_table @ 01007658 records: 2, size/record: 8, table size: 16
	.data: load addr=01007400, load size=00000242 bytes, run addr=20008eec, run size=000006e5 bytes, compression=lzss
	.bss: load addr=01007650, load size=00000008 bytes, run addr=20008310, run size=00000bdc bytes, compression=zero_init


LINKER GENERATED HANDLER TABLE

__TI_handler_table @ 01007644 records: 3, size/record: 4, table size: 12
	index: 0, handler: __TI_decompress_lzss
	index: 1, handler: __TI_decompress_none
	index: 2, handler: __TI_zero_init


GLOBAL SYMBOLS: SORTED ALPHABETICALLY BY Name 

address   name                                                            
-------   ----                                                            
010072a0  ADC_count                                                       
010069e7  CC3220SF_LAUNCHXL_initGeneral                                   
010072a1  Capture_count                                                   
010026d3  ClockP_Params_init                                              
01004e41  ClockP_create                                                   
010069f3  ClockP_delete                                                   
010021d5  ClockP_getCpuFreq                                               
01006a81  ClockP_getSystemTicks                                           
010027ad  ClockP_setTimeout                                               
0100306d  ClockP_start                                                    
01003555  ClockP_stop                                                     
20008ee4  ClockP_tickPeriod                                               
010072a2  CryptoCC32XX_count                                              
01001a8f  DisplayUartMin_clear                                            
01002c47  DisplayUartMin_clearLines                                       
010066e1  DisplayUartMin_close                                            
0100404b  DisplayUartMin_control                                          
01007044  DisplayUartMin_fxnTable                                         
01005bc3  DisplayUartMin_getType                                          
010031b7  DisplayUartMin_init                                             
01004df5  DisplayUartMin_open                                             
010051a1  DisplayUartMin_vprintf                                          
010072b0  Display_config                                                  
010072a3  Display_count                                                   
01005f15  Display_doInit                                                  
01005ebd  Display_doPrintf                                                
01004e89  FlashDisable                                                    
0100721c  GPIOCC32XX_config                                               
01004bd9  GPIO_enableInt                                                  
01003e71  GPIO_hwiIntFxn                                                  
0100294d  GPIO_init                                                       
010047e5  GPIO_setCallback                                                
01001555  GPIO_setConfig                                                  
00008000  HEAPSIZE                                                        
01006865  HwiP_Params_init                                                
010054e5  HwiP_create                                                     
010069ff  HwiP_delete                                                     
0100367d  HwiP_disable                                                    
01006b71  HwiP_restore                                                    
01005b29  I2CSlaveACKOverride                                             
01005b5b  I2CSlaveACKValueSet                                             
010063e9  I2CSlaveEnable                                                  
01006515  I2CSlaveInit                                                    
01006809  I2CSlaveIntClear                                                
01006549  I2CSlaveIntEnable                                               
0100522d  I2CSlaveRec                                                     
01006875  I2CSlaveStatus                                                  
010072a4  I2C_count                                                       
010072a5  I2S_count                                                       
010048ed  InitI2C0                                                        
01006009  List_put                                                        
0100602f  List_remove                                                     
01000cbd  PRCMCC3200MCUInit                                               
010066f7  PRCMHIBRegRead                                                  
0100670d  PRCMHIBRegWrite                                                 
01004ed1  PRCMLPDSEnter                                                   
010058cd  PRCMLPDSEnterKeepDebugIf                                        
01005271  PRCMLPDSRestoreInfoSet                                          
01005f3d  PRCMPeripheralClkDisable                                        
01004f19  PRCMPeripheralClkEnable                                         
0100483d  PRCMPeripheralReset                                             
010044e9  PRCMSysResetCauseGet                                            
010072a6  PWM_count                                                       
010038bd  PinConfigSet                                                    
01005a1d  PinModeGet                                                      
01005525  PinModeSet                                                      
01006425  PinToPadGet                                                     
01006441  PinTypeI2C                                                      
01006e4c  PowerCC32XX_config                                              
01002fc5  PowerCC32XX_configureWakeup                                     
20008c20  PowerCC32XX_contextSave                                         
010052b5  PowerCC32XX_enterLPDS                                           
01005db1  PowerCC32XX_getParkState                                        
01005f65  PowerCC32XX_initPolicy                                          
20008eec  PowerCC32XX_module                                              
01004a45  PowerCC32XX_parkPin                                             
01005a51  PowerCC32XX_restoreParkState                                    
010059b1  PowerCC32XX_restoreParkedPin                                    
01004a97  PowerCC32XX_resumeLPDS                                          
010043bd  PowerCC32XX_setParkState                                        
01001721  PowerCC32XX_sleepPolicy                                         
01006a0d  Power_getConstraintMask                                         
01006739  Power_getDependencyCount                                        
01006561  Power_idleFunc                                                  
01003ee9  Power_init                                                      
01005f8d  Power_registerNotify                                            
01004f61  Power_releaseConstraint                                         
01004895  Power_releaseDependency                                         
01005669  Power_setConstraint                                             
010045a9  Power_setDependency                                             
010020bd  Power_sleep                                                     
01006265  Power_unregisterNotify                                          
0100681b  RingBuf_construct                                               
01005565  RingBuf_get                                                     
01006285  RingBuf_peek                                                    
010051e7  RingBuf_put                                                     
010072a7  SDFatFS_count                                                   
010072a8  SD_count                                                        
UNDEFED   SHT$$INIT_ARRAY$$Base                                           
UNDEFED   SHT$$INIT_ARRAY$$Limit                                          
010072a9  SPI_count                                                       
01006b2f  SemaphoreP_Params_init                                          
010056a5  SemaphoreP_create                                               
01005ddd  SemaphoreP_createBinary                                         
01006a19  SemaphoreP_delete                                               
0100682d  SemaphoreP_pend                                                 
0100382d  SemaphoreP_post                                                 
01003945  SystemP_vsnprintf                                               
010072aa  Timer_count                                                     
01006579  UARTBusy                                                        
01001e81  UARTCC32XX_close                                                
[...]
01006919  ti_sysbios_knl_Swi_disable__E                                   
01006929  ti_sysbios_knl_Task_Object__get__S                              
01006939  ti_sysbios_knl_Task_disable__E                                  
01006949  xdc_runtime_Memory_free__E                                      
01006959  xdc_runtime_SysCallback_abort__E                                
01006959  xdc_runtime_System_SupportProxy_abort__E                        
01006969  xdc_runtime_SysCallback_exit__E                                 
01006969  xdc_runtime_System_SupportProxy_exit__E                         
01006979  xdc_runtime_SysCallback_putch__E                                
01006979  xdc_runtime_System_SupportProxy_putch__E                        
01006989  xdc_runtime_SysCallback_ready__E                                
01006989  xdc_runtime_System_SupportProxy_ready__E                        
01006999  xdc_runtime_System_vsnprintf__E                                 
010069a9  __TI_decompress_none                                            
010069b9  pthread_attr_setdetachstate                                     
010069c9  ti_sysbios_knl_Idle_loop__E                                     
010069d9  ti_sysbios_knl_Queue_empty__E                                   
010069e7  CC3220SF_LAUNCHXL_initGeneral                                   
010069f3  ClockP_delete                                                   
010069ff  HwiP_delete                                                     
01006a0d  Power_getConstraintMask                                         
01006a19  SemaphoreP_delete                                               
01006a25  __TI_zero_init                                                  
01006a3d  ti_sysbios_family_arm_m3_Hwi_Params__init__S                    
01006a3d  ti_sysbios_hal_Hwi_HwiProxy_Params__init__S                     
01006a49  ti_sysbios_family_arm_m3_Hwi_disableFxn__E                      
01006a49  ti_sysbios_hal_Hwi_HwiProxy_disable__E                          
01006a59  ti_sysbios_family_arm_m3_TaskSupport_getStackAlignment__E       
01006a59  ti_sysbios_knl_Task_SupportProxy_getStackAlignment__E           
01006a69  ti_sysbios_gates_GateHwi_enter__E                               
01006a75  ti_sysbios_knl_Clock_Params__init__S                            
01006a81  ClockP_getSystemTicks                                           
01006a81  ti_sysbios_knl_Clock_getTicks__E                                
01006a91  ti_sysbios_knl_Clock_setTicks__E                                
01006aa1  ti_sysbios_knl_Clock_tickStart__E                               
01006ab1  ti_sysbios_knl_Clock_tickStop__E                                
01006abd  ti_sysbios_knl_Queue_Object__get__S                             
01006ac9  ti_sysbios_knl_Semaphore_Params__init__S                        
01006ad5  ti_sysbios_knl_Task_Params__init__S                             
01006ae1  ti_sysbios_rts_ti_ReentSupport_taskRegHook__I                   
01006af1  xdc_runtime_Startup_rtsDone__E                                  
01006afd  UART_close                                                      
01006b07  UART_control                                                    
01006b11  UART_write                                                      
01006b1b  xdc_runtime_Memory_HeapProxy_alloc__E                           
01006b25  xdc_runtime_Memory_HeapProxy_free__E                            
01006b2f  SemaphoreP_Params_init                                          
01006b39  pthread_attr_setstacksize                                       
01006b49  ti_sysbios_family_arm_m3_Hwi_doSwiRestore__I                    
01006b51  ti_sysbios_family_arm_m3_Hwi_startup__E                         
01006b51  ti_sysbios_hal_Hwi_HwiProxy_startup__E                          
01006b61  UtilsDelay                                                      
01006b69  ti_sysbios_family_arm_m3_Hwi_doTaskRestore__I                   
01006b71  HwiP_restore                                                    
01006b71  ti_sysbios_family_arm_m3_Hwi_restoreFxn__E                      
01006b71  ti_sysbios_hal_Hwi_HwiProxy_restore__E                          
01006b79  ti_sysbios_gates_GateHwi_leave__E                               
01006b81  ti_sysbios_heaps_HeapMem_isBlocking__E                          
01006b89  ti_sysbios_knl_Clock_stop__E                                    
01006b91  ti_sysbios_knl_Queue_Instance_init__E                           
01006b99  ti_sysbios_knl_Swi_startup__E                                   
01006ba1  xdc_runtime_System_Module_startup__E                            
01006ba9  ti_sysbios_family_arm_m3_Timer_getMaxTicks__E                   
01006bb1  ti_sysbios_gates_GateHwi_query__E                               
01006bb1  xdc_runtime_Main_Module_GateProxy_query__E                      
01006bb1  xdc_runtime_System_Module_GateProxy_query__E                    
01006bb9  ti_sysbios_BIOS_RtsGateProxy_query__E                           
01006bb9  ti_sysbios_gates_GateMutex_query__E                             
01006bb9  ti_sysbios_heaps_HeapMem_Module_GateProxy_query__E              
01006bc1  ti_sysbios_knl_Clock_setTimeout__E                              
01006bc9  ti_sysbios_knl_Task_startup__E                                  
01006bd1  xdc_runtime_SysCallback_defaultReady                            
01006bd9  ti_sysbios_BIOS_linkedWithIncorrectBootLibrary__E               
01006be1  ti_sysbios_gates_GateHwi_Instance_init__E                       
01006be9  ti_sysbios_knl_Clock_logTick__E                                 
01006bf1  xdc_runtime_SysCallback_defaultAbort                            
01006bf9  xdc_runtime_SysCallback_defaultExit                             
01006c01  xdc_runtime_SysCallback_defaultPutch                            
01006c09  xdc_runtime_System_abortSpin__E                                 
01006c11  xdc_runtime_System_exitSpin__E                                  
01006e04  uartCC3220SHWAttrs                                              
01006e4c  PowerCC32XX_config                                              
01006e8c  ti_sysbios_knl_Task_Object__PARAMS__C                           
01006ec8  ti_sysbios_family_arm_m3_Hwi_Object__PARAMS__C                  
01006ef8  UARTCC32XX_fxnTable                                             
01006f20  ti_sysbios_heaps_HeapMem_Module__FXNS__C                        
01006f48  UART_defaultParams                                              
01006f6c  ti_sysbios_gates_GateHwi_Module__FXNS__C                        
01006f90  ti_sysbios_gates_GateMutex_Module__FXNS__C                      
01006fb4  ti_sysbios_heaps_HeapMem_Object__PARAMS__C                      
01006fd8  ti_sysbios_knl_Clock_Object__PARAMS__C                          
01006ffc  ti_sysbios_knl_Semaphore_Object__PARAMS__C                      
01007041  ti_sysbios_knl_Clock_tickMode__C                                
01007042  ti_sysbios_family_arm_m3_Hwi_Module__id__C                      
01007044  DisplayUartMin_fxnTable                                         
01007084  ti_sysbios_family_arm_m3_Hwi_Object__DESC__C                    
010070a4  ti_sysbios_gates_GateHwi_Object__DESC__C                        
010070c4  ti_sysbios_gates_GateMutex_Object__DESC__C                      
010070e4  ti_sysbios_heaps_HeapMem_Object__DESC__C                        
01007104  ti_sysbios_knl_Clock_Object__DESC__C                            
01007124  ti_sysbios_knl_Queue_Object__DESC__C                            
01007144  ti_sysbios_knl_Semaphore_Object__DESC__C                        
01007164  ti_sysbios_knl_Task_Object__DESC__C                             
01007184  xdc_runtime_Startup_sfxnTab__A                                  
010071a4  UART_config                                                     
010071bc  ti_sysbios_gates_GateHwi_Object__PARAMS__C                      
010071d4  ti_sysbios_gates_GateMutex_Object__PARAMS__C                    
010071ec  ti_sysbios_knl_Queue_Object__PARAMS__C                          
01007204  ti_sysbios_knl_Task_hooks__A                                    
0100721c  GPIOCC32XX_config                                               
01007230  displayUartHWAttrs                                              
01007290  xdc_runtime_Startup_sfxnRts__A                                  
010072a0  ADC_count                                                       
010072a1  Capture_count                                                   
010072a2  CryptoCC32XX_count                                              
010072a3  Display_count                                                   
010072a4  I2C_count                                                       
010072a5  I2S_count                                                       
010072a6  PWM_count                                                       
010072a7  SDFatFS_count                                                   
010072a8  SD_count                                                        
010072a9  SPI_count                                                       
010072aa  Timer_count                                                     
010072ab  UART_count                                                      
010072ac  Watchdog_count                                                  
010072ad  ti_sysbios_knl_Clock_tickSource__C                              
010072ae  ti_sysbios_family_arm_m3_Timer_Module__id__C                    
010072b0  Display_config                                                  
010072bc  xdc_runtime_Startup_firstFxns__A                                
010072c8  outPinTypes                                                     
010072d8  ti_sysbios_knl_Idle_funcList__A                                 
010072e0  ti_sysbios_knl_Idle_funcList__C                                 
010072e8  ti_sysbios_knl_Task_hooks__C                                    
010072f0  xdc_runtime_Startup_firstFxns__C                                
010072f8  xdc_runtime_Startup_lastFxns__C                                 
01007306  inPinTypes                                                      
0100730c  outPinStrengths                                                 
01007316  ti_sysbios_heaps_HeapMem_Module__id__C                          
01007318  ti_sysbios_family_arm_m3_Hwi_E_alreadyDefined__C                
0100731c  ti_sysbios_family_arm_m3_Hwi_NUM_INTERRUPTS__C                  
01007320  ti_sysbios_family_arm_m3_Hwi_Object__count__C                   
01007324  ti_sysbios_family_arm_m3_Hwi_ccr__C                             
01007328  ti_sysbios_family_arm_m3_Hwi_excHandlerFunc__C                  
0100732c  ti_sysbios_family_arm_m3_Hwi_nullIsrFunc__C                     
01007330  ti_sysbios_family_arm_m3_Hwi_priGroup__C                        
01007334  ti_sysbios_family_arm_m3_Hwi_swiDisable__C                      
01007338  ti_sysbios_family_arm_m3_Hwi_swiRestoreHwi__C                   
0100733c  ti_sysbios_family_arm_m3_TaskSupport_stackAlignment__C          
01007340  ti_sysbios_family_arm_m3_Timer_E_cannotSupport__C               
01007344  ti_sysbios_family_arm_m3_Timer_startupNeeded__C                 
01007348  ti_sysbios_gates_GateMutex_Instance_State_sem__O                
0100734c  ti_sysbios_heaps_HeapMem_E_memory__C                            
01007350  ti_sysbios_heaps_HeapMem_Module__gateObj__C                     
01007354  ti_sysbios_heaps_HeapMem_Object__count__C                       
01007358  ti_sysbios_heaps_HeapMem_primaryHeapBaseAddr__C                 
0100735c  ti_sysbios_heaps_HeapMem_primaryHeapEndAddr__C                  
01007360  ti_sysbios_heaps_HeapMem_reqAlign__C                            
01007364  ti_sysbios_knl_Clock_Module_State_clockQ__O                     
01007368  ti_sysbios_knl_Clock_tickPeriod__C                              
0100736c  ti_sysbios_knl_Mailbox_Instance_State_freeQue__O                
01007370  ti_sysbios_knl_Mailbox_Object__count__C                         
01007374  ti_sysbios_knl_Mailbox_maxTypeAlign__C                          
01007378  ti_sysbios_knl_Semaphore_Instance_State_pendQ__O                
0100737c  ti_sysbios_knl_Swi_Object__count__C                             
01007380  ti_sysbios_knl_Task_Module_State_inactiveQ__O                   
01007384  ti_sysbios_knl_Task_Object__count__C                            
01007388  ti_sysbios_knl_Task_Object__heap__C                             
0100738c  ti_sysbios_knl_Task_allBlockedFunc__C                           
01007390  ti_sysbios_knl_Task_defaultStackHeap__C                         
01007394  ti_sysbios_knl_Task_defaultStackSize__C                         
01007398  ti_sysbios_knl_Task_numConstructedTasks__C                      
0100739c  xdc_runtime_Error_E_memory__C                                   
010073a0  xdc_runtime_Error_policyFxn__C                                  
010073a4  xdc_runtime_IGateProvider_Interface__BASE__C                    
010073a8  xdc_runtime_IHeap_Interface__BASE__C                            
010073ac  xdc_runtime_IModule_Interface__BASE__C                          
010073b0  xdc_runtime_Memory_defaultHeapInstance__C                       
010073b4  xdc_runtime_Startup_execImpl__C                                 
010073b8  xdc_runtime_Startup_maxPasses__C                                
010073bc  xdc_runtime_Startup_sfxnRts__C                                  
010073c0  xdc_runtime_Startup_sfxnTab__C                                  
010073c4  xdc_runtime_SysCallback_abortFxn__C                             
010073c8  xdc_runtime_SysCallback_exitFxn__C                              
010073cc  xdc_runtime_SysCallback_putchFxn__C                             
010073d0  xdc_runtime_SysCallback_readyFxn__C                             
010073d4  xdc_runtime_System_Module__gateObj__C                           
010073d8  xdc_runtime_System_abortFxn__C                                  
010073dc  xdc_runtime_System_exitFxn__C                                   
010073e0  xdc_runtime_System_extendFxn__C                                 
010073e4  xdc_runtime_System_maxAtexitHandlers__C                         
010073e8  xdc_runtime_Text_charTab__C                                     
010073ec  xdc_runtime_Text_nameEmpty__C                                   
010073f0  xdc_runtime_Text_nameStatic__C                                  
010073f4  xdc_runtime_Text_nameUnknown__C                                 
010073f8  xdc_runtime_Memory_Module__id__C                                
010073fa  xdc_runtime_Text_charCnt__C                                     
010073fc  xdc_runtime_Text_isLoaded__C                                    
010073fe  xdc_runtime_Error_policy__C                                     
010073ff  xdc_runtime_Text_charTab__A                                     
01007400  __TI_static_base__                                              
01007644  __TI_Handler_Table_Base                                         
01007650  __TI_Handler_Table_Limit                                        
01007658  __TI_CINIT_Base                                                 
01007668  __TI_CINIT_Limit                                                
20000000  ti_sysbios_family_arm_m3_Hwi_ramVectors                         
20000310  __primary_heap_start__                                          
20008310  __primary_heap_end__                                            
20008710  ti_sysbios_family_arm_m3_Hwi_dispatchTable                      
20008a20  ti_sysbios_knl_Task_Instance_State_0_stack__A                   
20008c20  PowerCC32XX_contextSave                                         
20008d4c  uartCC3220SObjects                                              
20008e54  uartCC3220SRingBuffer                                           
20008ed4  displayUartObject                                               
20008ee4  ClockP_tickPeriod                                               
20008ee8  ti_sysbios_knl_Task_Instance_State_0_hookEnv__A                 
20008eec  PowerCC32XX_module                                              
20009058  parkInfo                                                        
200091d8  ti_sysbios_knl_Swi_Module_State_0_readyQ__A                     
20009258  ti_sysbios_knl_Task_Module_State_0_readyQ__A                    
200092d8  ti_sysbios_gates_GateMutex_Object__table__V                     
2000932c  ti_sysbios_knl_Task_Object__table__V                            
20009378  ti_sysbios_knl_Task_Module__state__V                            
200093bc  ti_sysbios_family_arm_m3_Hwi_Module__state__V                   
200093f0  ti_sysbios_family_arm_m3_Timer_Object__table__V                 
20009420  ti_sysbios_knl_Swi_Object__table__V                             
20009450  ti_sysbios_knl_Clock_Module__state__V                           
2000947c  ti_sysbios_BIOS_Module__state__V                                
200094a0  gpioPinConfigs                                                  
200094c0  xdc_runtime_Error_IgnoreBlock                                   
200094e0  ti_sysbios_knl_Swi_Module__state__V                             
200094fc  ti_sysbios_family_arm_m3_Hwi_Object__table__V                   
20009514  ti_sysbios_heaps_HeapMem_Object__table__V                       
2000952c  gpioCallbackFunctions                                           
2000953c  ti_sysbios_family_arm_m3_Timer_Module__state__V                 
20009552  ti_sysbios_family_arm_m3_Hwi_Module_State_0_excActive__A        
20009554  _lock                                                           
20009558  _unlock                                                         
2000955c  ti_sysbios_family_arm_m3_Hwi_Module__root__V                    
20009564  ti_sysbios_gates_GateHwi_Module__root__V                        
2000956c  ti_sysbios_gates_GateMutex_Module__root__V                      
20009574  ti_sysbios_heaps_HeapMem_Module__root__V                        
2000957c  ti_sysbios_knl_Clock_Module__root__V                            
20009584  ti_sysbios_knl_Queue_Module__root__V                            
2000958c  ti_sysbios_knl_Semaphore_Module__root__V                        
20009594  ti_sysbios_knl_Task_Module__root__V                             
2000959c  xdc_runtime_Startup_Module__state__V                            
200095a4  xdc_runtime_System_Module_State_0_atexitHandlers__A             
200095ac  xdc_runtime_System_Module__state__V                             
200095b4  main_func_sp                                                    
200095b8  ti_sysbios_family_arm_m3_Hwi_Module_State_0_excContext__A       
200095bc  ti_sysbios_family_arm_m3_Hwi_Module_State_0_excStack__A         
200095c0  ti_sysbios_gates_GateHwi_Object__table__V                       
200095c4  ti_sysbios_knl_Task_Module_State_0_idleTask__A                  
200095c8  ti_sysbios_rts_ti_ReentSupport_Module__state__V                 
200095cc  xdc_runtime_Memory_Module__state__V                             
2003fc00  __stack                                                         
20040000  __STACK_END                                                     
e000e000  ti_sysbios_family_arm_m3_Hwi_nvic                               
ffffffff  __TI_pprof_out_hndl                                             
ffffffff  __TI_prof_data_size                                             
ffffffff  __TI_prof_data_start                                            
ffffffff  __binit__                                                       
ffffffff  __c_args__                                                      
ffffffff  binit                                                           
UNDEFED   SHT$$INIT_ARRAY$$Base                                           
UNDEFED   SHT$$INIT_ARRAY$$Limit                                          

[586 symbols]
